Microchip MPLAB XC8 Compiler V2.31

Linker command line:

-W-3 --edf=C:\Program Files\Microchip\xc8\v2.31\pic\dat\en_msgs.txt -cn \
  -h+dist/default/production\Pingpongtoren-noPI-upgrade.X.production.sym \
  --cmf=dist/default/production\Pingpongtoren-noPI-upgrade.X.production.cmf \
  -z -Q16F18345 -oC:\Users\ebeco\AppData\Local\Temp\s8vk.2 \
  --defsym=__MPLAB_BUILD=1 \
  -Mdist/default/production/Pingpongtoren-noPI-upgrade.X.production.map -E1 \
  -ver=XC8 Compiler --acfsm=1493 -ASTACK=020DFh-023EFh -pstack=STACK \
  -ACODE=00h-07FFhx4 -ASTRCODE=00h-01FFFh -ASTRING=00h-0FFhx32 \
  -ACONST=00h-0FFhx32 -AENTRY=00h-0FFhx32 -ACOMMON=070h-07Fh \
  -ABANK0=020h-06Fh -ABANK1=0A0h-0EFh -ABANK2=0120h-016Fh \
  -ABANK3=01A0h-01EFh -ABANK4=0220h-026Fh -ABANK5=02A0h-02EFh \
  -ABANK6=0320h-036Fh -ABANK7=03A0h-03EFh -ABANK8=0420h-046Fh \
  -ABANK9=04A0h-04EFh -ABANK10=0520h-056Fh -ABANK11=05A0h-05EFh \
  -ABANK12=0620h-064Fh -ABIGRAM=02000h-023EFh \
  -ARAM=020h-06Fh,0A0h-0EFh,0120h-016Fh,01A0h-01EFh,0220h-026Fh,02A0h-02EFh,0320h-036Fh,03A0h-03EFh,0420h-046Fh,04A0h-04EFh,0520h-056Fh,05A0h-05EFh,0620h-064Fh \
  -AABS1=020h-07Fh,0A0h-0EFh,0120h-016Fh,01A0h-01EFh,0220h-026Fh,02A0h-02EFh,0320h-036Fh,03A0h-03EFh,0420h-046Fh,04A0h-04EFh,0520h-056Fh,05A0h-05EFh,0620h-064Fh \
  -ASFR0=00h-01Fh -ASFR1=080h-09Fh -ASFR2=0100h-011Fh -ASFR3=0180h-019Fh \
  -ASFR4=0200h-021Fh -ASFR5=0280h-029Fh -ASFR6=0300h-031Fh \
  -ASFR7=0380h-039Fh -ASFR8=0400h-041Fh -ASFR9=0480h-049Fh \
  -ASFR10=0500h-051Fh -ASFR11=0580h-059Fh -ASFR12=0600h-061Fh \
  -ASFR13=0680h-06EFh -ASFR14=0700h-076Fh -ASFR15=0780h-07EFh \
  -ASFR16=0800h-086Fh -ASFR17=0880h-08EFh -ASFR18=0900h-096Fh \
  -ASFR19=0980h-09EFh -ASFR20=0A00h-0A6Fh -ASFR21=0A80h-0AEFh \
  -ASFR22=0B00h-0B6Fh -ASFR23=0B80h-0BEFh -ASFR24=0C00h-0C6Fh \
  -ASFR25=0C80h-0CEFh -ASFR26=0D00h-0D6Fh -ASFR27=0D80h-0DEFh \
  -ASFR28=0E00h-0E6Fh -ASFR29=0E80h-0EEFh -ASFR30=0F00h-0F6Fh \
  -ASFR31=0F80h-0FEFh -ACONFIG=08007h-0800Ah -DCONFIG=2 \
  -AIDLOC=08000h-08003h -DIDLOC=2 -AEEDATA=00h-0FFh/0F000h \
  -peeprom_data=EEDATA -DEEDATA=2 -DCODE=2 -DSTRCODE=2 -DSTRING=2 -DCONST=2 \
  -DENTRY=2 -preset_vec=00h,intentry=04h,init,end_init -ppowerup=CODE \
  -pcinit=CODE -pfunctab=ENTRY -k C:\Users\ebeco\AppData\Local\Temp\s8vk.o \
  dist/default/production\Pingpongtoren-noPI-upgrade.X.production.o 

Object code version is 3.11

Machine type is 16F18345



                Name                               Link     Load   Length Selector   Space Scale
C:\Users\ebeco\AppData\Local\Temp\s8vk.o
                end_init                             3C       3C        2        8       0
                reset_vec                             0        0        2        0       0
                config                             8007     8007        4        0       4
dist/default/production\Pingpongtoren-noPI-upgrade.X.production.o
                cinit                                3E       3E       22        8       0
                intentry                              4        4       38        8       0
                text38_split_1                       60       60      686        8       0
                config                             8007     8007        4        0       4
                text74                                2        2        1        0       0
                text73                              7F1      7F1        F        8       0
                text72                             1D3E     1D3E       1B     3A7C       0
                text71                             1BB0     1BB0        4     3760       0
                text70                                3        3        1        6       0
                text69                             1BB4     1BB4        4     3768       0
                text68                              804      804       39     1008       0
                text67                             1DD0     1DD0       22     3BA0       0
                text65                             1D59     1D59       1B     3AB2       0
                text64                             1C63     1C63        D     38C6       0
                text63                             1BA7     1BA7        3     374E       0
                text62                             1BFF     1BFF        8     37FE       0
                text61                             1BAA     1BAA        3     3754       0
                text60                             1C70     1C70        E     38E0       0
                text59                             1E8D     1E8D       2C     3D1A       0
                text58                             1C0F     1C0F        9     381E       0
                text57                             1BBD     1BBD        6     377A       0
                text56                             1C18     1C18        A     3830       0
                text55                             1C22     1C22        A     3844       0
                text54                             1BC3     1BC3        6     3786       0
                text53                              9BD      9BD      1B4     137A       0
                text52                             102A     102A       4F     2054       0
                text51                             1147     1147       8B     228E       0
                text50                             1DF2     1DF2       23     3BE4       0
                text49                              DA9      DA9      257     1B52       0
                text48                             1C40     1C40        B     3880       0
                text47                             1F4A     1F4A       36     3E94       0
                text46                             1D90     1D90       1F     3B20       0
                text45                             126F     126F       AD     24DE       0
                text44                             1CDA     1CDA       18     39B4       0
                text43                             1DAF     1DAF       21     3B5E       0
                text42                             1EB9     1EB9       2F     3D72       0
                text41                             1C7E     1C7E       11     38FC       0
                text40                             1CF2     1CF2       18     39E4       0
                text39                             1E15     1E15       26     3C2A       0
                text38                              83D      83D      180     107A       0
                text37                             1C8F     1C8F       11     391E       0
                text36                             131C     131C       AE     2638       0
                text35                             158F     158F      101     2B1E       0
                text34                             14A5     14A5       EA     294A       0
                text33                             1D0A     1D0A       1A     3A14       0
                text32                             1E3B     1E3B       29     3C76       0
                text31                             1BC9     1BC9        6     3792       0
                text30                             1F80     1F80       3F     3F00       0
                text29                             1E64     1E64       29     3CC8       0
                text28                             1D24     1D24       1A     3A48       0
                text27                             1079     1079       59     20F2       0
                text26                             1690     1690      170     2D20       0
                text25                             13CA     13CA       DB     2794       0
                text24                             1EE8     1EE8       31     3DD0       0
                text23                             1CA0     1CA0       12     3940       0
                text22                              6E6      6E6      10B        8       0
                text21                             1BAD     1BAD        3     375A       0
                text20                             1CC4     1CC4       16     3988       0
                text19                              B71      B71      238     16E2       0
                text18                             10D2     10D2       75     21A4       0
                text17                             11D2     11D2       9D     23A4       0
                text16                             1BCF     1BCF        6     379E       0
                text15                             1CB2     1CB2       12     3964       0
                text14                             1BD5     1BD5        6     37AA       0
                text13                             1BDB     1BDB        6     37B6       0
                text12                             1BE1     1BE1        6     37C2       0
                text11                             1BE7     1BE7        6     37CE       0
                text10                             1BED     1BED        6     37DA       0
                text9                              1FBF     1FBF       41     3F7E       0
                text8                              1C4B     1C4B        C     3896       0
                text7                              1F19     1F19       31     3E32       0
                text6                              1C07     1C07        8     380E       0
                text5                              1C57     1C57        C     38AE       0
                text4                              1C2C     1C2C        A     3858       0
                text3                               800      800        4        8       0
                text2                              1D74     1D74       1C     3AE8       0
                text1                              1BB8     1BB8        5     3770       0
                maintext                           1001     1001       29     2002       0
                cstackBANK0                          20       20       4F       20       1
                cstackCOMMON                         70       70        C       70       1
                cstackBANK1                          E8       E8        7       A0       1
                clrtext                            1BF3     1BF3        6     37E6       0
                inittext                           1BF9     1BF9        6     37F2       0
                bssBANK2                            120      120       3F      120       1
                dataBANK1                            DE       DE        A       A0       1
                bssBANK1                             A0       A0       3E       A0       1
                bssBANK0                             6F       6F        1       20       1
                bssCOMMON                            7C       7C        1       70       1
                stringtext7                        1821     1821        2     3000       0
                stringtext6                        181E     181E        3     3000       0
                stringtext5                        181A     181A        4     3000       0
                stringtext4                        1816     1816        4     3000       0
                stringtext3                        1812     1812        4     3000       0
                stringtext2                        1809     1809        9     3000       0
                stringtext1                        1800     1800        9     3000       0
                idataBANK1                         1C36     1C36        A     386C       0

TOTAL           Name                               Link     Load   Length     Space
        CLASS   STACK          

        CLASS   CODE           
                end_init                             3C       3C        2         0
                cinit                                3E       3E       22         0
                intentry                              4        4       38         0
                reset_vec                             0        0        2         0
                text38_split_1                       60       60      686         0
                text74                                2        2        1         0
                text73                              7F1      7F1        F         0
                text72                             1D3E     1D3E       1B         0
                text71                             1BB0     1BB0        4         0
                text70                                3        3        1         0
                text69                             1BB4     1BB4        4         0
                text68                              804      804       39         0
                text67                             1DD0     1DD0       22         0
                text65                             1D59     1D59       1B         0
                text64                             1C63     1C63        D         0
                text63                             1BA7     1BA7        3         0
                text62                             1BFF     1BFF        8         0
                text61                             1BAA     1BAA        3         0
                text60                             1C70     1C70        E         0
                text59                             1E8D     1E8D       2C         0
                text58                             1C0F     1C0F        9         0
                text57                             1BBD     1BBD        6         0
                text56                             1C18     1C18        A         0
                text55                             1C22     1C22        A         0
                text54                             1BC3     1BC3        6         0
                text53                              9BD      9BD      1B4         0
                text52                             102A     102A       4F         0
                text51                             1147     1147       8B         0
                text50                             1DF2     1DF2       23         0
                text49                              DA9      DA9      257         0
                text48                             1C40     1C40        B         0
                text47                             1F4A     1F4A       36         0
                text46                             1D90     1D90       1F         0
                text45                             126F     126F       AD         0
                text44                             1CDA     1CDA       18         0
                text43                             1DAF     1DAF       21         0
                text42                             1EB9     1EB9       2F         0
                text41                             1C7E     1C7E       11         0
                text40                             1CF2     1CF2       18         0
                text39                             1E15     1E15       26         0
                text38                              83D      83D      180         0
                text37                             1C8F     1C8F       11         0
                text36                             131C     131C       AE         0
                text35                             158F     158F      101         0
                text34                             14A5     14A5       EA         0
                text33                             1D0A     1D0A       1A         0
                text32                             1E3B     1E3B       29         0
                text31                             1BC9     1BC9        6         0
                text30                             1F80     1F80       3F         0
                text29                             1E64     1E64       29         0
                text28                             1D24     1D24       1A         0
                text27                             1079     1079       59         0
                text26                             1690     1690      170         0
                text25                             13CA     13CA       DB         0
                text24                             1EE8     1EE8       31         0
                text23                             1CA0     1CA0       12         0
                text22                              6E6      6E6      10B         0
                text21                             1BAD     1BAD        3         0
                text20                             1CC4     1CC4       16         0
                text19                              B71      B71      238         0
                text18                             10D2     10D2       75         0
                text17                             11D2     11D2       9D         0
                text16                             1BCF     1BCF        6         0
                text15                             1CB2     1CB2       12         0
                text14                             1BD5     1BD5        6         0
                text13                             1BDB     1BDB        6         0
                text12                             1BE1     1BE1        6         0
                text11                             1BE7     1BE7        6         0
                text10                             1BED     1BED        6         0
                text9                              1FBF     1FBF       41         0
                text8                              1C4B     1C4B        C         0
                text7                              1F19     1F19       31         0
                text6                              1C07     1C07        8         0
                text5                              1C57     1C57        C         0
                text4                              1C2C     1C2C        A         0
                text3                               800      800        4         0
                text2                              1D74     1D74       1C         0
                text1                              1BB8     1BB8        5         0
                maintext                           1001     1001       29         0
                clrtext                            1BF3     1BF3        6         0
                inittext                           1BF9     1BF9        6         0
                idataBANK1                         1C36     1C36        A         0

        CLASS   STRCODE        
                stringtext7                        1821     1821        2         0
                stringtext6                        181E     181E        3         0
                stringtext5                        181A     181A        4         0
                stringtext4                        1816     1816        4         0
                stringtext3                        1812     1812        4         0
                stringtext2                        1809     1809        9         0
                stringtext1                        1800     1800        9         0

        CLASS   STRING         

        CLASS   CONST          

        CLASS   ENTRY          

        CLASS   COMMON         
                cstackCOMMON                         70       70        C         1
                bssCOMMON                            7C       7C        1         1

        CLASS   BANK0          
                cstackBANK0                          20       20       4F         1
                bssBANK0                             6F       6F        1         1

        CLASS   BANK1          
                cstackBANK1                          E8       E8        7         1
                dataBANK1                            DE       DE        A         1
                bssBANK1                             A0       A0       3E         1

        CLASS   BANK2          
                bssBANK2                            120      120       3F         1

        CLASS   BANK3          

        CLASS   BANK4          

        CLASS   BANK5          

        CLASS   BANK6          

        CLASS   BANK7          

        CLASS   BANK8          

        CLASS   BANK9          

        CLASS   BANK10         

        CLASS   BANK11         

        CLASS   BANK12         

        CLASS   BIGRAM         

        CLASS   RAM            

        CLASS   ABS1           
                abs_s1                               7E       7E        2         1

        CLASS   SFR0           

        CLASS   SFR1           

        CLASS   SFR2           

        CLASS   SFR3           

        CLASS   SFR4           

        CLASS   SFR5           

        CLASS   SFR6           

        CLASS   SFR7           

        CLASS   SFR8           

        CLASS   SFR9           

        CLASS   SFR10          

        CLASS   SFR11          

        CLASS   SFR12          

        CLASS   SFR13          

        CLASS   SFR14          

        CLASS   SFR15          

        CLASS   SFR16          

        CLASS   SFR17          

        CLASS   SFR18          

        CLASS   SFR19          

        CLASS   SFR20          

        CLASS   SFR21          

        CLASS   SFR22          

        CLASS   SFR23          

        CLASS   SFR24          

        CLASS   SFR25          

        CLASS   SFR26          

        CLASS   SFR27          

        CLASS   SFR28          

        CLASS   SFR29          

        CLASS   SFR30          

        CLASS   SFR31          

        CLASS   CONFIG         
                config                             8007     8007        4         4

        CLASS   IDLOC          

        CLASS   EEDATA         

        CLASS   BANK31         

        CLASS   BANK30         

        CLASS   BANK29         

        CLASS   BANK28         

        CLASS   BANK27         

        CLASS   BANK26         

        CLASS   BANK25         

        CLASS   BANK24         

        CLASS   BANK23         

        CLASS   BANK22         

        CLASS   BANK21         

        CLASS   BANK20         

        CLASS   BANK19         

        CLASS   BANK18         

        CLASS   BANK17         

        CLASS   BANK16         

        CLASS   BANK15         

        CLASS   BANK14         

        CLASS   BANK13         



SEGMENTS        Name                           Load    Length   Top    Selector   Space  Class     Delta

                reset_vec                      000000  000003  000003         0       0  CODE        2
                text70                         000003  000001  000004         6       0  CODE        2
                intentry                       000004  000800  000804         8       0  CODE        2
                cstackBANK0                    000020  000050  000070        20       1  BANK0       1
                cstackCOMMON                   000070  00000D  00007D        70       1  COMMON      1
                bssBANK1                       0000A0  00004F  0000EF        A0       1  BANK1       1
                bssBANK2                       000120  00003F  00015F       120       1  BANK2       1
                text68                         000804  000039  00083D      1008       0  CODE        2
                text38                         00083D  000180  0009BD      107A       0  CODE        2
                text53                         0009BD  0001B4  000B71      137A       0  CODE        2
                text19                         000B71  000238  000DA9      16E2       0  CODE        2
                text49                         000DA9  000257  001000      1B52       0  CODE        2
                maintext                       001001  000029  00102A      2002       0  CODE        2
                text52                         00102A  00004F  001079      2054       0  CODE        2
                text27                         001079  000059  0010D2      20F2       0  CODE        2
                text18                         0010D2  000075  001147      21A4       0  CODE        2
                text51                         001147  00008B  0011D2      228E       0  CODE        2
                text17                         0011D2  00009D  00126F      23A4       0  CODE        2
                text45                         00126F  0000AD  00131C      24DE       0  CODE        2
                text36                         00131C  0000AE  0013CA      2638       0  CODE        2
                text25                         0013CA  0000DB  0014A5      2794       0  CODE        2
                text34                         0014A5  0000EA  00158F      294A       0  CODE        2
                text35                         00158F  000101  001690      2B1E       0  CODE        2
                text26                         001690  000170  001800      2D20       0  CODE        2
                stringtext1                    001800  000023  001823      3000       0  STRCODE     2
                text63                         001BA7  000003  001BAA      374E       0  CODE        2
                text61                         001BAA  000003  001BAD      3754       0  CODE        2
                text21                         001BAD  000003  001BB0      375A       0  CODE        2
                text71                         001BB0  000004  001BB4      3760       0  CODE        2
                text69                         001BB4  000004  001BB8      3768       0  CODE        2
                text1                          001BB8  000005  001BBD      3770       0  CODE        2
                text57                         001BBD  000006  001BC3      377A       0  CODE        2
                text54                         001BC3  000006  001BC9      3786       0  CODE        2
                text31                         001BC9  000006  001BCF      3792       0  CODE        2
                text16                         001BCF  000006  001BD5      379E       0  CODE        2
                text14                         001BD5  000006  001BDB      37AA       0  CODE        2
                text13                         001BDB  000006  001BE1      37B6       0  CODE        2
                text12                         001BE1  000006  001BE7      37C2       0  CODE        2
                text11                         001BE7  000006  001BED      37CE       0  CODE        2
                text10                         001BED  000006  001BF3      37DA       0  CODE        2
                clrtext                        001BF3  000006  001BF9      37E6       0  CODE        2
                inittext                       001BF9  000006  001BFF      37F2       0  CODE        2
                text62                         001BFF  000008  001C07      37FE       0  CODE        2
                text6                          001C07  000008  001C0F      380E       0  CODE        2
                text58                         001C0F  000009  001C18      381E       0  CODE        2
                text56                         001C18  00000A  001C22      3830       0  CODE        2
                text55                         001C22  00000A  001C2C      3844       0  CODE        2
                text4                          001C2C  00000A  001C36      3858       0  CODE        2
                idataBANK1                     001C36  00000A  001C40      386C       0  CODE        2
                text48                         001C40  00000B  001C4B      3880       0  CODE        2
                text8                          001C4B  00000C  001C57      3896       0  CODE        2
                text5                          001C57  00000C  001C63      38AE       0  CODE        2
                text64                         001C63  00000D  001C70      38C6       0  CODE        2
                text60                         001C70  00000E  001C7E      38E0       0  CODE        2
                text41                         001C7E  000011  001C8F      38FC       0  CODE        2
                text37                         001C8F  000011  001CA0      391E       0  CODE        2
                text23                         001CA0  000012  001CB2      3940       0  CODE        2
                text15                         001CB2  000012  001CC4      3964       0  CODE        2
                text20                         001CC4  000016  001CDA      3988       0  CODE        2
                text44                         001CDA  000018  001CF2      39B4       0  CODE        2
                text40                         001CF2  000018  001D0A      39E4       0  CODE        2
                text33                         001D0A  00001A  001D24      3A14       0  CODE        2
                text28                         001D24  00001A  001D3E      3A48       0  CODE        2
                text72                         001D3E  00001B  001D59      3A7C       0  CODE        2
                text65                         001D59  00001B  001D74      3AB2       0  CODE        2
                text2                          001D74  00001C  001D90      3AE8       0  CODE        2
                text46                         001D90  00001F  001DAF      3B20       0  CODE        2
                text43                         001DAF  000021  001DD0      3B5E       0  CODE        2
                text67                         001DD0  000022  001DF2      3BA0       0  CODE        2
                text50                         001DF2  000023  001E15      3BE4       0  CODE        2
                text39                         001E15  000026  001E3B      3C2A       0  CODE        2
                text32                         001E3B  000029  001E64      3C76       0  CODE        2
                text29                         001E64  000029  001E8D      3CC8       0  CODE        2
                text59                         001E8D  00002C  001EB9      3D1A       0  CODE        2
                text42                         001EB9  00002F  001EE8      3D72       0  CODE        2
                text24                         001EE8  000031  001F19      3DD0       0  CODE        2
                text7                          001F19  000031  001F4A      3E32       0  CODE        2
                text47                         001F4A  000036  001F80      3E94       0  CODE        2
                text30                         001F80  00003F  001FBF      3F00       0  CODE        2
                text9                          001FBF  000041  002000      3F7E       0  CODE        2


UNUSED ADDRESS RANGES

        Name                Unused          Largest block    Delta
        BANK1            0000EF-0000EF                1           1
        BANK10           000520-00056F               50           1
        BANK11           0005A0-0005EF               50           1
        BANK12           000620-00064F               30           1
        BANK2            00015F-00016F               11           1
        BANK3            0001A0-0001EF               50           1
        BANK4            000220-00026F               50           1
        BANK5            0002A0-0002EF               50           1
        BANK6            000320-00036F               50           1
        BANK7            0003A0-0003EF               50           1
        BANK8            000420-00046F               50           1
        BANK9            0004A0-0004EF               50           1
        BIGRAM           002000-0023EF              3F0           1
        CODE             001000-001000                1           2
                         001823-001BA6              384
        COMMON           00007D-00007D                1           1
        CONST            001000-001000                1           2
                         001823-001BA6              100
        EEDATA           00F000-00F0FF              100           2
        ENTRY            001000-001000                1           2
                         001823-001BA6              100
        IDLOC            008000-008003                4           2
        RAM              0000EF-0000EF                1           1
                         00015F-00016F               11
                         0001A0-0001EF               50
                         000220-00026F               50
                         0002A0-0002EF               50
                         000320-00036F               50
                         0003A0-0003EF               50
                         000420-00046F               50
                         0004A0-0004EF               50
                         000520-00056F               50
                         0005A0-0005EF               50
                         000620-00064F               30
        SFR0             000000-00001F               20           1
        SFR1             000080-00009F               20           1
        SFR10            000500-00051F               20           1
        SFR11            000580-00059F               20           1
        SFR12            000600-00061F               20           1
        SFR13            000680-0006EF               70           1
        SFR14            000700-00076F               70           1
        SFR15            000780-0007EF               70           1
        SFR16            000800-00086F               70           1
        SFR17            000880-0008EF               70           1
        SFR18            000900-00096F               70           1
        SFR19            000980-0009EF               70           1
        SFR2             000100-00011F               20           1
        SFR20            000A00-000A6F               70           1
        SFR21            000A80-000AEF               70           1
        SFR22            000B00-000B6F               70           1
        SFR23            000B80-000BEF               70           1
        SFR24            000C00-000C6F               70           1
        SFR25            000C80-000CEF               70           1
        SFR26            000D00-000D6F               70           1
        SFR27            000D80-000DEF               70           1
        SFR28            000E00-000E6F               70           1
        SFR29            000E80-000EEF               70           1
        SFR3             000180-00019F               20           1
        SFR30            000F00-000F6F               70           1
        SFR31            000F80-000FEF               70           1
        SFR4             000200-00021F               20           1
        SFR5             000280-00029F               20           1
        SFR6             000300-00031F               20           1
        SFR7             000380-00039F               20           1
        SFR8             000400-00041F               20           1
        SFR9             000480-00049F               20           1
        STACK            0020DF-0023EF              311           1
        STRCODE          001000-001000                1           2
                         001823-001BA6              384
        STRING           001000-001000                1           2
                         001823-001BA6              100

                                  Symbol Table

?_ADC_GetConversion                            cstackCOMMON 000071
?_ADC_GetResult                                cstackCOMMON 000071
?_PI_GetSensorHeight                           cstackCOMMON 000071
?__Umul8_16                                    cstackCOMMON 000071
?___aodiv                                      cstackBANK0  000020
?___aomod                                      cstackBANK0  000020
?___fladd                                      cstackBANK0  000040
?___fldiv                                      cstackCOMMON 000071
?___flmul                                      cstackBANK0  000026
?___flneg                                      cstackCOMMON 000071
?___fltol                                      cstackBANK0  000054
?___lmul                                       cstackCOMMON 000071
?___wmul                                       cstackCOMMON 000071
?___xxtofl                                     cstackCOMMON 000071
?_abs                                          cstackCOMMON 000074
?_atof                                         cstackBANK0  000069
?_atoi                                         cstackCOMMON 000077
?_dtoa                                         cstackBANK0  000031
?_isdigit                                      cstackCOMMON 000071
?_islower                                      cstackCOMMON 000071
?_isspace                                      cstackCOMMON 000071
?_isxdigit                                     cstackCOMMON 000071
?_nanf                                         cstackCOMMON 000071
?_pad                                          cstackBANK0  000028
?_printf                                       cstackBANK0  000067
?_strlen                                       cstackCOMMON 000071
?_strtof                                       cstackBANK0  000040
?_toupper                                      cstackCOMMON 000077
?_vfpfcnvrt                                    cstackBANK0  00004F
?_vfprintf                                     cstackBANK0  00005F
ADC_GetConversion@channel                      cstackCOMMON 000074
ADC_SelectChannel@channel                      cstackCOMMON 000072
ADC_SetInterruptHandler@InterruptHandler       cstackCOMMON 000071
ADC_Start@reference                            cstackCOMMON 000073
EUSART_Read@readValue                          cstackCOMMON 000072
EUSART_SetErrorHandler@interruptHandler        cstackCOMMON 000071
EUSART_SetFramingErrorHandler@interruptHandler cstackCOMMON 000071
EUSART_SetOverrunErrorHandler@interruptHandler cstackCOMMON 000071
EUSART_SetRxInterruptHandler@interruptHandler  cstackCOMMON 000071
EUSART_SetTxInterruptHandler@interruptHandler  cstackCOMMON 000071
EUSART_Write@txData                            cstackCOMMON 000072
Java@i                                         cstackBANK1  0000EB
PI@sumError                                    cstackBANK0  00005D
PI_SetKi@value                                 cstackCOMMON 000071
PI_SetKp@value                                 cstackCOMMON 000071
PI_SetSetpoint@value                           cstackCOMMON 000071
PWM5_LoadDutyValue@dutyValue                   cstackCOMMON 000071
_ADACT                                         (abs)        00009F
_ADCON0                                        (abs)        00009D
_ADCON0bits                                    (abs)        00009D
_ADCON1                                        (abs)        00009E
_ADC_DefaultInterruptHandler                   text74       000002
_ADC_GetConversion                             text65       001D59
_ADC_GetResult                                 text21       001BAD
_ADC_ISR                                       text73       0007F1
_ADC_Initialize                                text15       001CB2
_ADC_InterruptHandler                          bssBANK1     0000D6
_ADC_SelectChannel                             text64       001C63
_ADC_SetInterruptHandler                       text16       001BCF
_ADC_Start                                     text60       001C70
_ADC_StartConversion                           text63       001BA7
_ADRESH                                        (abs)        00009C
_ADRESL                                        (abs)        00009B
_ANSELA                                        (abs)        00018C
_ANSELB                                        (abs)        00018D
_ANSELC                                        (abs)        00018E
_BAUD1CON                                      (abs)        00019F
_EUSART_DefaultErrorHandler                    text71       001BB0
_EUSART_DefaultFramingErrorHandler             text70       000003
_EUSART_DefaultOverrunErrorHandler             text69       001BB4
_EUSART_ErrorHandler                           bssBANK1     0000CA
_EUSART_FramingErrorHandler                    bssBANK1     0000CE
_EUSART_Initialize                             text9        001FBF
_EUSART_OverrunErrorHandler                    bssBANK1     0000CC
_EUSART_Read                                   text59       001E8D
_EUSART_Receive_ISR                            text68       000804
_EUSART_RxDataHandler                          text72       001D3E
_EUSART_RxDefaultInterruptHandler              bssBANK1     0000D0
_EUSART_SetErrorHandler                        text14       001BD5
_EUSART_SetFramingErrorHandler                 text13       001BDB
_EUSART_SetOverrunErrorHandler                 text12       001BE1
_EUSART_SetRxInterruptHandler                  text11       001BE7
_EUSART_SetTxInterruptHandler                  text10       001BED
_EUSART_Transmit_ISR                           text67       001DD0
_EUSART_TxDefaultInterruptHandler              bssBANK1     0000D2
_EUSART_Write                                  text32       001E3B
_EUSART_is_rx_ready                            text58       001C0F
_INLVLA                                        (abs)        00038C
_INLVLB                                        (abs)        00038D
_INLVLC                                        (abs)        00038E
_INTCONbits                                    (abs)        00000B
_INTERRUPT_InterruptManager                    intentry     000004
_Java                                          text22       0006E6
_LATA                                          (abs)        00010C
_LATB                                          (abs)        00010D
_LATC                                          (abs)        00010E
_ODCONA                                        (abs)        00028C
_ODCONB                                        (abs)        00028D
_ODCONC                                        (abs)        00028E
_OSCCON1                                       (abs)        000919
_OSCCON3                                       (abs)        00091B
_OSCEN                                         (abs)        00091D
_OSCFRQ                                        (abs)        00091F
_OSCILLATOR_Initialize                         text8        001C4B
_OSCTUNE                                       (abs)        00091E
_PI                                            text17       0011D2
_PIE1bits                                      (abs)        000091
_PIN_MANAGER_Initialize                        text7        001F19
_PIR0bits                                      (abs)        000010
_PIR1bits                                      (abs)        000011
_PI_GetSensorHeight                            text57       001BBD
_PI_SetKi                                      text56       001C18
_PI_SetKp                                      text55       001C22
_PI_SetSetpoint                                text54       001BC3
_PLLR                                          (abs)        0048E0
_PMD0                                          (abs)        000911
_PMD1                                          (abs)        000912
_PMD2                                          (abs)        000913
_PMD3                                          (abs)        000914
_PMD4                                          (abs)        000915
_PMD5                                          (abs)        000916
_PMD_Initialize                                text6        001C07
_PR2                                           (abs)        00001E
_PWM5CON                                       (abs)        000619
_PWM5DCH                                       (abs)        000618
_PWM5DCL                                       (abs)        000617
_PWM5_Initialize                               text5        001C57
_PWM5_LoadDutyValue                            text20       001CC4
_PWMTMRSbits                                   (abs)        00061F
_RB7PPS                                        (abs)        000E9F
_RC1PPS                                        (abs)        000EA1
_RC1REG                                        (abs)        000199
_RC1STA                                        (abs)        00019D
_RC1STAbits                                    (abs)        00019D
_RXPPS                                         (abs)        000E24
_SLRCONA                                       (abs)        00030C
_SLRCONB                                       (abs)        00030D
_SLRCONC                                       (abs)        00030E
_SP1BRGH                                       (abs)        00019C
_SP1BRGL                                       (abs)        00019B
_SYSTEM_Initialize                             text2        001D74
_T0CON0                                        (abs)        000017
_T0CON0bits                                    (abs)        000017
_T0CON1                                        (abs)        000018
_T2CON                                         (abs)        00001F
_T2CONbits                                     (abs)        00001F
_TMR0H                                         (abs)        000016
_TMR0L                                         (abs)        000015
_TMR0_HasOverflowOccured                       text1        001BB8
_TMR0_Initialize                               text4        001C2C
_TMR2                                          (abs)        00001D
_TMR2_Initialize                               text62       001BFF
_TMR2_StartTimer                               text61       001BAA
_TRISA                                         (abs)        00008C
_TRISB                                         (abs)        00008D
_TRISC                                         (abs)        00008E
_TX1REG                                        (abs)        00019A
_TX1STA                                        (abs)        00019E
_TX1STAbits                                    (abs)        00019E
_WDTCON                                        (abs)        000097
_WDT_Initialize                                text3        000800
_WPUA                                          (abs)        00020C
_WPUB                                          (abs)        00020D
_WPUC                                          (abs)        00020E
__Habs1                                        abs1         000000
__Hbank0                                       bank0        000000
__Hbank1                                       bank1        000000
__Hbank10                                      bank10       000000
__Hbank11                                      bank11       000000
__Hbank12                                      bank12       000000
__Hbank13                                      bank13       000000
__Hbank14                                      bank14       000000
__Hbank15                                      bank15       000000
__Hbank16                                      bank16       000000
__Hbank17                                      bank17       000000
__Hbank18                                      bank18       000000
__Hbank19                                      bank19       000000
__Hbank2                                       bank2        000000
__Hbank20                                      bank20       000000
__Hbank21                                      bank21       000000
__Hbank22                                      bank22       000000
__Hbank23                                      bank23       000000
__Hbank24                                      bank24       000000
__Hbank25                                      bank25       000000
__Hbank26                                      bank26       000000
__Hbank27                                      bank27       000000
__Hbank28                                      bank28       000000
__Hbank29                                      bank29       000000
__Hbank3                                       bank3        000000
__Hbank30                                      bank30       000000
__Hbank31                                      bank31       000000
__Hbank4                                       bank4        000000
__Hbank5                                       bank5        000000
__Hbank6                                       bank6        000000
__Hbank7                                       bank7        000000
__Hbank8                                       bank8        000000
__Hbank9                                       bank9        000000
__Hbigram                                      bigram       000000
__HbssBANK0                                    bssBANK0     000000
__HbssBANK1                                    bssBANK1     000000
__HbssBANK2                                    bssBANK2     000000
__HbssCOMMON                                   bssCOMMON    000000
__Hcinit                                       cinit        000060
__Hclrtext                                     clrtext      000000
__Hcode                                        code         000000
__Hcommon                                      common       000000
__Hconfig                                      config       00800B
__HcstackBANK0                                 cstackBANK0  000000
__HcstackBANK1                                 cstackBANK1  000000
__HcstackCOMMON                                cstackCOMMON 000000
__HdataBANK1                                   dataBANK1    000000
__Heeprom_data                                 eeprom_data  000000
__Hend_init                                    end_init     00003E
__Hfunctab                                     functab      000000
__HidataBANK1                                  idataBANK1   000000
__Hinit                                        init         00003C
__Hinittext                                    inittext     000000
__Hintentry                                    intentry     00003C
__Hmaintext                                    maintext     000000
__Hpowerup                                     powerup      000000
__Hram                                         ram          000000
__Hreset_vec                                   reset_vec    000002
__Hsfr0                                        sfr0         000000
__Hsfr1                                        sfr1         000000
__Hsfr10                                       sfr10        000000
__Hsfr11                                       sfr11        000000
__Hsfr12                                       sfr12        000000
__Hsfr13                                       sfr13        000000
__Hsfr14                                       sfr14        000000
__Hsfr15                                       sfr15        000000
__Hsfr16                                       sfr16        000000
__Hsfr17                                       sfr17        000000
__Hsfr18                                       sfr18        000000
__Hsfr19                                       sfr19        000000
__Hsfr2                                        sfr2         000000
__Hsfr20                                       sfr20        000000
__Hsfr21                                       sfr21        000000
__Hsfr22                                       sfr22        000000
__Hsfr23                                       sfr23        000000
__Hsfr24                                       sfr24        000000
__Hsfr25                                       sfr25        000000
__Hsfr26                                       sfr26        000000
__Hsfr27                                       sfr27        000000
__Hsfr28                                       sfr28        000000
__Hsfr29                                       sfr29        000000
__Hsfr3                                        sfr3         000000
__Hsfr30                                       sfr30        000000
__Hsfr31                                       sfr31        000000
__Hsfr4                                        sfr4         000000
__Hsfr5                                        sfr5         000000
__Hsfr6                                        sfr6         000000
__Hsfr7                                        sfr7         000000
__Hsfr8                                        sfr8         000000
__Hsfr9                                        sfr9         000000
__Hspace_0                                     (abs)        002000
__Hspace_1                                     (abs)        00015F
__Hspace_2                                     (abs)        000000
__Hspace_3                                     (abs)        000000
__Hspace_4                                     (abs)        010012
__Hstack                                       stack        000000
__Hstrings                                     strings      000000
__Hstringtext1                                 stringtext1  000000
__Hstringtext2                                 stringtext2  000000
__Hstringtext3                                 stringtext3  000000
__Hstringtext4                                 stringtext4  000000
__Hstringtext5                                 stringtext5  000000
__Hstringtext6                                 stringtext6  000000
__Hstringtext7                                 stringtext7  000000
__Hstringtext8                                 stringtext8  000000
__Htext                                        text         000000
__Labs1                                        abs1         000000
__Lbank0                                       bank0        000000
__Lbank1                                       bank1        000000
__Lbank10                                      bank10       000000
__Lbank11                                      bank11       000000
__Lbank12                                      bank12       000000
__Lbank13                                      bank13       000000
__Lbank14                                      bank14       000000
__Lbank15                                      bank15       000000
__Lbank16                                      bank16       000000
__Lbank17                                      bank17       000000
__Lbank18                                      bank18       000000
__Lbank19                                      bank19       000000
__Lbank2                                       bank2        000000
__Lbank20                                      bank20       000000
__Lbank21                                      bank21       000000
__Lbank22                                      bank22       000000
__Lbank23                                      bank23       000000
__Lbank24                                      bank24       000000
__Lbank25                                      bank25       000000
__Lbank26                                      bank26       000000
__Lbank27                                      bank27       000000
__Lbank28                                      bank28       000000
__Lbank29                                      bank29       000000
__Lbank3                                       bank3        000000
__Lbank30                                      bank30       000000
__Lbank31                                      bank31       000000
__Lbank4                                       bank4        000000
__Lbank5                                       bank5        000000
__Lbank6                                       bank6        000000
__Lbank7                                       bank7        000000
__Lbank8                                       bank8        000000
__Lbank9                                       bank9        000000
__Lbigram                                      bigram       000000
__LbssBANK0                                    bssBANK0     000000
__LbssBANK1                                    bssBANK1     000000
__LbssBANK2                                    bssBANK2     000000
__LbssCOMMON                                   bssCOMMON    000000
__Lcinit                                       cinit        00003E
__Lclrtext                                     clrtext      000000
__Lcode                                        code         000000
__Lcommon                                      common       000000
__Lconfig                                      config       000000
__LcstackBANK0                                 cstackBANK0  000000
__LcstackBANK1                                 cstackBANK1  000000
__LcstackCOMMON                                cstackCOMMON 000000
__LdataBANK1                                   dataBANK1    000000
__Leeprom_data                                 eeprom_data  000000
__Lend_init                                    end_init     00003C
__Lfunctab                                     functab      000000
__LidataBANK1                                  idataBANK1   000000
__Linit                                        init         00003C
__Linittext                                    inittext     000000
__Lintentry                                    intentry     000004
__Lmaintext                                    maintext     000000
__Lpowerup                                     powerup      000000
__Lram                                         ram          000000
__Lreset_vec                                   reset_vec    000000
__Lsfr0                                        sfr0         000000
__Lsfr1                                        sfr1         000000
__Lsfr10                                       sfr10        000000
__Lsfr11                                       sfr11        000000
__Lsfr12                                       sfr12        000000
__Lsfr13                                       sfr13        000000
__Lsfr14                                       sfr14        000000
__Lsfr15                                       sfr15        000000
__Lsfr16                                       sfr16        000000
__Lsfr17                                       sfr17        000000
__Lsfr18                                       sfr18        000000
__Lsfr19                                       sfr19        000000
__Lsfr2                                        sfr2         000000
__Lsfr20                                       sfr20        000000
__Lsfr21                                       sfr21        000000
__Lsfr22                                       sfr22        000000
__Lsfr23                                       sfr23        000000
__Lsfr24                                       sfr24        000000
__Lsfr25                                       sfr25        000000
__Lsfr26                                       sfr26        000000
__Lsfr27                                       sfr27        000000
__Lsfr28                                       sfr28        000000
__Lsfr29                                       sfr29        000000
__Lsfr3                                        sfr3         000000
__Lsfr30                                       sfr30        000000
__Lsfr31                                       sfr31        000000
__Lsfr4                                        sfr4         000000
__Lsfr5                                        sfr5         000000
__Lsfr6                                        sfr6         000000
__Lsfr7                                        sfr7         000000
__Lsfr8                                        sfr8         000000
__Lsfr9                                        sfr9         000000
__Lspace_0                                     (abs)        000000
__Lspace_1                                     (abs)        000000
__Lspace_2                                     (abs)        000000
__Lspace_3                                     (abs)        000000
__Lspace_4                                     (abs)        000000
__Lstack                                       stack        000000
__Lstrings                                     strings      000000
__Lstringtext1                                 stringtext1  000000
__Lstringtext2                                 stringtext2  000000
__Lstringtext3                                 stringtext3  000000
__Lstringtext4                                 stringtext4  000000
__Lstringtext5                                 stringtext5  000000
__Lstringtext6                                 stringtext6  000000
__Lstringtext7                                 stringtext7  000000
__Lstringtext8                                 stringtext8  000000
__Ltext                                        text         000000
__S0                                           (abs)        002000
__S1                                           (abs)        00015F
__S2                                           (abs)        000000
__S3                                           (abs)        000000
__Umul8_16                                     text50       001DF2
__Umul8_16@multiplicand                        cstackCOMMON 000071
__Umul8_16@multiplier                          cstackCOMMON 000079
__Umul8_16@product                             cstackCOMMON 000075
__Umul8_16@word_mpld                           cstackCOMMON 000077
___aodiv                                       text35       00158F
___aodiv@counter                               cstackCOMMON 000072
___aodiv@dividend                              cstackBANK0  000028
___aodiv@divisor                               cstackBANK0  000020
___aodiv@quotient                              cstackCOMMON 000074
___aodiv@sign                                  cstackCOMMON 000073
___aomod                                       text34       0014A5
___aomod@counter                               cstackCOMMON 000072
___aomod@dividend                              cstackBANK0  000028
___aomod@divisor                               cstackBANK0  000020
___aomod@sign                                  cstackCOMMON 000073
___fladd                                       text19       000B71
___fladd@a                                     cstackBANK0  000044
___fladd@aexp                                  cstackBANK0  000051
___fladd@b                                     cstackBANK0  000040
___fladd@bexp                                  cstackBANK0  000052
___fladd@grs                                   cstackBANK0  000053
___fladd@signs                                 cstackBANK0  000050
___fldiv                                       text53       0009BD
___fldiv@a                                     cstackCOMMON 000071
___fldiv@aexp                                  cstackBANK0  000031
___fldiv@b                                     cstackCOMMON 000075
___fldiv@bexp                                  cstackBANK0  000030
___fldiv@grs                                   cstackBANK0  00002C
___fldiv@new_exp                               cstackBANK0  00002A
___fldiv@rem                                   cstackBANK0  000025
___fldiv@sign                                  cstackBANK0  000029
___fleq                                        text52       00102A
___fleq@ff1                                    cstackCOMMON 000071
___fleq@ff2                                    cstackCOMMON 000075
___flge                                        text51       001147
___flge@ff1                                    cstackCOMMON 000071
___flge@ff2                                    cstackCOMMON 000075
___flmul                                       text49       000DA9
___flmul@a                                     cstackBANK0  00002A
___flmul@aexp                                  cstackBANK0  000034
___flmul@b                                     cstackBANK0  000026
___flmul@bexp                                  cstackBANK0  000039
___flmul@grs                                   cstackBANK0  000035
___flmul@prod                                  cstackBANK0  00003A
___flmul@sign                                  cstackBANK0  000033
___flmul@temp                                  cstackBANK0  00003E
___flneg                                       text48       001C40
___flneg@f1                                    cstackCOMMON 000071
___fltol                                       text18       0010D2
___fltol@exp1                                  cstackCOMMON 00007B
___fltol@f1                                    cstackBANK0  000054
___fltol@sign1                                 cstackCOMMON 00007A
___int_sp                                      stack        000000
___latbits                                     (abs)        000002
___lmul                                        text47       001F4A
___lmul@multiplicand                           cstackCOMMON 000075
___lmul@multiplier                             cstackCOMMON 000071
___lmul@product                                cstackBANK0  000020
___sp                                          stack        000000
___stackhi                                     (abs)        0023EF
___stacklo                                     (abs)        0020DF
___wmul                                        text46       001D90
___wmul@multiplicand                           cstackCOMMON 000073
___wmul@multiplier                             cstackCOMMON 000071
___wmul@product                                cstackCOMMON 000075
___xxtofl                                      text45       00126F
___xxtofl@arg                                  cstackBANK0  000022
___xxtofl@exp                                  cstackBANK0  000021
___xxtofl@sign                                 cstackBANK0  000020
___xxtofl@val                                  cstackCOMMON 000071
__end_of_ADC_DefaultInterruptHandler           text74       000003
__end_of_ADC_GetConversion                     text65       001D74
__end_of_ADC_GetResult                         text21       001BB0
__end_of_ADC_ISR                               text73       000800
__end_of_ADC_Initialize                        text15       001CC4
__end_of_ADC_SelectChannel                     text64       001C70
__end_of_ADC_SetInterruptHandler               text16       001BD5
__end_of_ADC_Start                             text60       001C7E
__end_of_ADC_StartConversion                   text63       001BAA
__end_of_EUSART_DefaultErrorHandler            text71       001BB4
__end_of_EUSART_DefaultFramingErrorHandler     text70       000004
__end_of_EUSART_DefaultOverrunErrorHandler     text69       001BB8
__end_of_EUSART_Initialize                     text9        002000
__end_of_EUSART_Read                           text59       001EB9
__end_of_EUSART_Receive_ISR                    text68       00083D
__end_of_EUSART_RxDataHandler                  text72       001D59
__end_of_EUSART_SetErrorHandler                text14       001BDB
__end_of_EUSART_SetFramingErrorHandler         text13       001BE1
__end_of_EUSART_SetOverrunErrorHandler         text12       001BE7
__end_of_EUSART_SetRxInterruptHandler          text11       001BED
__end_of_EUSART_SetTxInterruptHandler          text10       001BF3
__end_of_EUSART_Transmit_ISR                   text67       001DF2
__end_of_EUSART_Write                          text32       001E64
__end_of_EUSART_is_rx_ready                    text58       001C18
__end_of_INTERRUPT_InterruptManager            intentry     00003C
__end_of_Java                                  text22       0007F1
__end_of_OSCILLATOR_Initialize                 text8        001C57
__end_of_PI                                    text17       00126F
__end_of_PIN_MANAGER_Initialize                text7        001F4A
__end_of_PI_GetSensorHeight                    text57       001BC3
__end_of_PI_SetKi                              text56       001C22
__end_of_PI_SetKp                              text55       001C2C
__end_of_PI_SetSetpoint                        text54       001BC9
__end_of_PMD_Initialize                        text6        001C0F
__end_of_PWM5_Initialize                       text5        001C63
__end_of_PWM5_LoadDutyValue                    text20       001CDA
__end_of_SYSTEM_Initialize                     text2        001D90
__end_of_TMR0_HasOverflowOccured               text1        001BBD
__end_of_TMR0_Initialize                       text4        001C36
__end_of_TMR2_Initialize                       text62       001C07
__end_of_TMR2_StartTimer                       text61       001BAD
__end_of_WDT_Initialize                        text3        000804
__end_of__Umul8_16                             text50       001E15
__end_of___aodiv                               text35       001690
__end_of___aomod                               text34       00158F
__end_of___fladd                               text19       000DA9
__end_of___fldiv                               text53       000B71
__end_of___fleq                                text52       001079
__end_of___flge                                text51       0011D2
__end_of___flmul                               text49       001000
__end_of___flneg                               text48       001C4B
__end_of___fltol                               text18       001147
__end_of___lmul                                text47       001F80
__end_of___wmul                                text46       001DAF
__end_of___xxtofl                              text45       00131C
__end_of__initialization                       cinit        00005C
__end_of_abs                                   text33       001D24
__end_of_atof                                  text37       001CA0
__end_of_atoi                                  text36       0013CA
__end_of_dtoa                                  text26       001800
__end_of_fputc                                 text30       001FBF
__end_of_fputs                                 text29       001E8D
__end_of_isdigit                               text44       001CF2
__end_of_islower                               text40       001D0A
__end_of_isspace                               text43       001DD0
__end_of_isxdigit                              text42       001EE8
__end_of_main                                  maintext     00102A
__end_of_nanf                                  text41       001C8F
__end_of_pad                                   text27       0010D2
__end_of_printf                                text23       001CB2
__end_of_putch                                 text31       001BCF
__end_of_strlen                                text28       001D3E
__end_of_strtof                                text38_split_1 0006E6
__end_of_toupper                               text39       001E3B
__end_of_vfpfcnvrt                             text25       0014A5
__end_of_vfprintf                              text24       001F19
__initialization                               cinit        00003E
__pbssBANK0                                    bssBANK0     00006F
__pbssBANK1                                    bssBANK1     0000A0
__pbssBANK2                                    bssBANK2     000120
__pbssCOMMON                                   bssCOMMON    00007C
__pcstackBANK0                                 cstackBANK0  000020
__pcstackBANK1                                 cstackBANK1  0000E8
__pcstackCOMMON                                cstackCOMMON 000070
__pdataBANK1                                   dataBANK1    0000DE
__pidataBANK1                                  idataBANK1   001C36
__pintentry                                    intentry     000004
__pmaintext                                    maintext     001001
__pstringtext1                                 stringtext1  001800
__pstringtext2                                 stringtext2  001809
__pstringtext3                                 stringtext3  001812
__pstringtext4                                 stringtext4  001816
__pstringtext5                                 stringtext5  00181A
__pstringtext6                                 stringtext6  00181E
__pstringtext7                                 stringtext7  001821
__pstringtext8                                 stringtext8  000000
__ptext1                                       text1        001BB8
__ptext10                                      text10       001BED
__ptext11                                      text11       001BE7
__ptext12                                      text12       001BE1
__ptext13                                      text13       001BDB
__ptext14                                      text14       001BD5
__ptext15                                      text15       001CB2
__ptext16                                      text16       001BCF
__ptext17                                      text17       0011D2
__ptext18                                      text18       0010D2
__ptext19                                      text19       000B71
__ptext2                                       text2        001D74
__ptext20                                      text20       001CC4
__ptext21                                      text21       001BAD
__ptext22                                      text22       0006E6
__ptext23                                      text23       001CA0
__ptext24                                      text24       001EE8
__ptext25                                      text25       0013CA
__ptext26                                      text26       001690
__ptext27                                      text27       001079
__ptext28                                      text28       001D24
__ptext29                                      text29       001E64
__ptext3                                       text3        000800
__ptext30                                      text30       001F80
__ptext31                                      text31       001BC9
__ptext32                                      text32       001E3B
__ptext33                                      text33       001D0A
__ptext34                                      text34       0014A5
__ptext35                                      text35       00158F
__ptext36                                      text36       00131C
__ptext37                                      text37       001C8F
__ptext38                                      text38       00083D
__ptext39                                      text39       001E15
__ptext4                                       text4        001C2C
__ptext40                                      text40       001CF2
__ptext41                                      text41       001C7E
__ptext42                                      text42       001EB9
__ptext43                                      text43       001DAF
__ptext44                                      text44       001CDA
__ptext45                                      text45       00126F
__ptext46                                      text46       001D90
__ptext47                                      text47       001F4A
__ptext48                                      text48       001C40
__ptext49                                      text49       000DA9
__ptext5                                       text5        001C57
__ptext50                                      text50       001DF2
__ptext51                                      text51       001147
__ptext52                                      text52       00102A
__ptext53                                      text53       0009BD
__ptext54                                      text54       001BC3
__ptext55                                      text55       001C22
__ptext56                                      text56       001C18
__ptext57                                      text57       001BBD
__ptext58                                      text58       001C0F
__ptext59                                      text59       001E8D
__ptext6                                       text6        001C07
__ptext60                                      text60       001C70
__ptext61                                      text61       001BAA
__ptext62                                      text62       001BFF
__ptext63                                      text63       001BA7
__ptext64                                      text64       001C63
__ptext65                                      text65       001D59
__ptext67                                      text67       001DD0
__ptext68                                      text68       000804
__ptext69                                      text69       001BB4
__ptext7                                       text7        001F19
__ptext70                                      text70       000003
__ptext71                                      text71       001BB0
__ptext72                                      text72       001D3E
__ptext73                                      text73       0007F1
__ptext74                                      text74       000002
__ptext8                                       text8        001C4B
__ptext9                                       text9        001FBF
__size_of_ADC_DefaultInterruptHandler          (abs)        000000
__size_of_ADC_GetConversion                    (abs)        000000
__size_of_ADC_GetResult                        (abs)        000000
__size_of_ADC_ISR                              (abs)        000000
__size_of_ADC_Initialize                       (abs)        000000
__size_of_ADC_SelectChannel                    (abs)        000000
__size_of_ADC_SetInterruptHandler              (abs)        000000
__size_of_ADC_Start                            (abs)        000000
__size_of_ADC_StartConversion                  (abs)        000000
__size_of_EUSART_DefaultErrorHandler           (abs)        000000
__size_of_EUSART_DefaultFramingErrorHandler    (abs)        000000
__size_of_EUSART_DefaultOverrunErrorHandler    (abs)        000000
__size_of_EUSART_Initialize                    (abs)        000000
__size_of_EUSART_Read                          (abs)        000000
__size_of_EUSART_Receive_ISR                   (abs)        000000
__size_of_EUSART_RxDataHandler                 (abs)        000000
__size_of_EUSART_SetErrorHandler               (abs)        000000
__size_of_EUSART_SetFramingErrorHandler        (abs)        000000
__size_of_EUSART_SetOverrunErrorHandler        (abs)        000000
__size_of_EUSART_SetRxInterruptHandler         (abs)        000000
__size_of_EUSART_SetTxInterruptHandler         (abs)        000000
__size_of_EUSART_Transmit_ISR                  (abs)        000000
__size_of_EUSART_Write                         (abs)        000000
__size_of_EUSART_is_rx_ready                   (abs)        000000
__size_of_INTERRUPT_InterruptManager           (abs)        000000
__size_of_Java                                 (abs)        000000
__size_of_OSCILLATOR_Initialize                (abs)        000000
__size_of_PI                                   (abs)        000000
__size_of_PIN_MANAGER_Initialize               (abs)        000000
__size_of_PI_GetSensorHeight                   (abs)        000000
__size_of_PI_SetKi                             (abs)        000000
__size_of_PI_SetKp                             (abs)        000000
__size_of_PI_SetSetpoint                       (abs)        000000
__size_of_PMD_Initialize                       (abs)        000000
__size_of_PWM5_Initialize                      (abs)        000000
__size_of_PWM5_LoadDutyValue                   (abs)        000000
__size_of_SYSTEM_Initialize                    (abs)        000000
__size_of_TMR0_HasOverflowOccured              (abs)        000000
__size_of_TMR0_Initialize                      (abs)        000000
__size_of_TMR2_Initialize                      (abs)        000000
__size_of_TMR2_StartTimer                      (abs)        000000
[...]
      Totals:         0       0       0       0       0       0       0       0       0       0       0       0       0       0
Total ram usage:        0 bytes
 Hardware stack levels used:    1
 Hardware stack levels required when called:    3
 This function calls:
		Absolute function
		_ADC_ISR
		_EUSART_Receive_ISR
		_EUSART_Transmit_ISR
 This function is called by:
		Interrupt level 1
 This function uses a non-reentrant model


 *************** function _EUSART_Transmit_ISR *****************
 Defined at:
		line 206 in file "mcc_generated_files/eusart.c"
 Parameters:    Size  Location     Type
		None
 Auto vars:     Size  Location     Type
		None
 Return value:  Size  Location     Type
                  1    wreg      void 
 Registers used:
		wreg, fsr1l, fsr1h, status,2, status,0
 Tracked objects:
		On entry : 
		On exit  : 
		Unchanged: 
 Data sizes:     COMMON   BANK0   BANK1   BANK2   BANK3   BANK4   BANK5   BANK6   BANK7   BANK8   BANK9  BANK10  BANK11  BANK12
      Params:         0       0       0       0       0       0       0       0       0       0       0       0       0       0
      Locals:         0       0       0       0       0       0       0       0       0       0       0       0       0       0
      Temps:          1       0       0       0       0       0       0       0       0       0       0       0       0       0
      Totals:         1       0       0       0       0       0       0       0       0       0       0       0       0       0
Total ram usage:        1 bytes
 Hardware stack levels used:    1
 This function calls:
		Nothing
 This function is called by:
		_EUSART_Initialize
		_INTERRUPT_InterruptManager
 This function uses a non-reentrant model


 *************** function _EUSART_Receive_ISR *****************
 Defined at:
		line 225 in file "mcc_generated_files/eusart.c"
 Parameters:    Size  Location     Type
		None
 Auto vars:     Size  Location     Type
		None
 Return value:  Size  Location     Type
                  1    wreg      void 
 Registers used:
		wreg, fsr1l, fsr1h, status,2, status,0, pclath, cstack
 Tracked objects:
		On entry : 
		On exit  : 
		Unchanged: 
 Data sizes:     COMMON   BANK0   BANK1   BANK2   BANK3   BANK4   BANK5   BANK6   BANK7   BANK8   BANK9  BANK10  BANK11  BANK12
      Params:         0       0       0       0       0       0       0       0       0       0       0       0       0       0
      Locals:         0       0       0       0       0       0       0       0       0       0       0       0       0       0
      Temps:          0       0       0       0       0       0       0       0       0       0       0       0       0       0
      Totals:         0       0       0       0       0       0       0       0       0       0       0       0       0       0
Total ram usage:        0 bytes
 Hardware stack levels used:    1
 Hardware stack levels required when called:    2
 This function calls:
		Absolute function
		_EUSART_DefaultErrorHandler
		_EUSART_DefaultFramingErrorHandler
		_EUSART_DefaultOverrunErrorHandler
		_EUSART_RxDataHandler
 This function is called by:
		_EUSART_Initialize
		_INTERRUPT_InterruptManager
 This function uses a non-reentrant model


 *************** function _EUSART_DefaultOverrunErrorHandler *****************
 Defined at:
		line 261 in file "mcc_generated_files/eusart.c"
 Parameters:    Size  Location     Type
		None
 Auto vars:     Size  Location     Type
		None
 Return value:  Size  Location     Type
                  1    wreg      void 
 Registers used:
		None
 Tracked objects:
		On entry : 
		On exit  : 
		Unchanged: 
 Data sizes:     COMMON   BANK0   BANK1   BANK2   BANK3   BANK4   BANK5   BANK6   BANK7   BANK8   BANK9  BANK10  BANK11  BANK12
      Params:         0       0       0       0       0       0       0       0       0       0       0       0       0       0
      Locals:         0       0       0       0       0       0       0       0       0       0       0       0       0       0
      Temps:          0       0       0       0       0       0       0       0       0       0       0       0       0       0
      Totals:         0       0       0       0       0       0       0       0       0       0       0       0       0       0
Total ram usage:        0 bytes
 Hardware stack levels used:    1
 This function calls:
		Nothing
 This function is called by:
		_EUSART_Initialize
		_EUSART_Receive_ISR
 This function uses a non-reentrant model


 *************** function _EUSART_DefaultFramingErrorHandler *****************
 Defined at:
		line 259 in file "mcc_generated_files/eusart.c"
 Parameters:    Size  Location     Type
		None
 Auto vars:     Size  Location     Type
		None
 Return value:  Size  Location     Type
                  1    wreg      void 
 Registers used:
		None
 Tracked objects:
		On entry : 
		On exit  : 
		Unchanged: 
 Data sizes:     COMMON   BANK0   BANK1   BANK2   BANK3   BANK4   BANK5   BANK6   BANK7   BANK8   BANK9  BANK10  BANK11  BANK12
      Params:         0       0       0       0       0       0       0       0       0       0       0       0       0       0
      Locals:         0       0       0       0       0       0       0       0       0       0       0       0       0       0
      Temps:          0       0       0       0       0       0       0       0       0       0       0       0       0       0
      Totals:         0       0       0       0       0       0       0       0       0       0       0       0       0       0
Total ram usage:        0 bytes
 Hardware stack levels used:    1
 This function calls:
		Nothing
 This function is called by:
		_EUSART_Initialize
		_EUSART_Receive_ISR
 This function uses a non-reentrant model


 *************** function _EUSART_DefaultErrorHandler *****************
 Defined at:
		line 269 in file "mcc_generated_files/eusart.c"
 Parameters:    Size  Location     Type
		None
 Auto vars:     Size  Location     Type
		None
 Return value:  Size  Location     Type
                  1    wreg      void 
 Registers used:
		wreg, fsr1l, fsr1h, status,2, status,0, pclath, cstack
 Tracked objects:
		On entry : 
		On exit  : 
		Unchanged: 
 Data sizes:     COMMON   BANK0   BANK1   BANK2   BANK3   BANK4   BANK5   BANK6   BANK7   BANK8   BANK9  BANK10  BANK11  BANK12
      Params:         0       0       0       0       0       0       0       0       0       0       0       0       0       0
      Locals:         0       0       0       0       0       0       0       0       0       0       0       0       0       0
      Temps:          0       0       0       0       0       0       0       0       0       0       0       0       0       0
      Totals:         0       0       0       0       0       0       0       0       0       0       0       0       0       0
Total ram usage:        0 bytes
 Hardware stack levels used:    1
 Hardware stack levels required when called:    1
 This function calls:
		_EUSART_RxDataHandler
 This function is called by:
		_EUSART_Initialize
		_EUSART_Receive_ISR
 This function uses a non-reentrant model


 *************** function _EUSART_RxDataHandler *****************
 Defined at:
		line 249 in file "mcc_generated_files/eusart.c"
 Parameters:    Size  Location     Type
		None
 Auto vars:     Size  Location     Type
		None
 Return value:  Size  Location     Type
                  1    wreg      void 
 Registers used:
		wreg, fsr1l, fsr1h, status,2, status,0
 Tracked objects:
		On entry : 
		On exit  : 
		Unchanged: 
 Data sizes:     COMMON   BANK0   BANK1   BANK2   BANK3   BANK4   BANK5   BANK6   BANK7   BANK8   BANK9  BANK10  BANK11  BANK12
      Params:         0       0       0       0       0       0       0       0       0       0       0       0       0       0
      Locals:         0       0       0       0       0       0       0       0       0       0       0       0       0       0
      Temps:          1       0       0       0       0       0       0       0       0       0       0       0       0       0
      Totals:         1       0       0       0       0       0       0       0       0       0       0       0       0       0
Total ram usage:        1 bytes
 Hardware stack levels used:    1
 This function calls:
		Nothing
 This function is called by:
		_EUSART_Receive_ISR
		_EUSART_DefaultErrorHandler
 This function uses a non-reentrant model


 *************** function _ADC_ISR *****************
 Defined at:
		line 151 in file "mcc_generated_files/adc.c"
 Parameters:    Size  Location     Type
		None
 Auto vars:     Size  Location     Type
		None
 Return value:  Size  Location     Type
                  1    wreg      void 
 Registers used:
		wreg, status,2, status,0, pclath, cstack
 Tracked objects:
		On entry : 
		On exit  : 
		Unchanged: 
 Data sizes:     COMMON   BANK0   BANK1   BANK2   BANK3   BANK4   BANK5   BANK6   BANK7   BANK8   BANK9  BANK10  BANK11  BANK12
      Params:         0       0       0       0       0       0       0       0       0       0       0       0       0       0
      Locals:         0       0       0       0       0       0       0       0       0       0       0       0       0       0
      Temps:          0       0       0       0       0       0       0       0       0       0       0       0       0       0
      Totals:         0       0       0       0       0       0       0       0       0       0       0       0       0       0
Total ram usage:        0 bytes
 Hardware stack levels used:    1
 Hardware stack levels required when called:    1
 This function calls:
		Absolute function
		_ADC_DefaultInterruptHandler
 This function is called by:
		_INTERRUPT_InterruptManager
 This function uses a non-reentrant model


 *************** function _ADC_DefaultInterruptHandler *****************
 Defined at:
		line 166 in file "mcc_generated_files/adc.c"
 Parameters:    Size  Location     Type
		None
 Auto vars:     Size  Location     Type
		None
 Return value:  Size  Location     Type
                  1    wreg      void 
 Registers used:
		None
 Tracked objects:
		On entry : 
		On exit  : 
		Unchanged: 
 Data sizes:     COMMON   BANK0   BANK1   BANK2   BANK3   BANK4   BANK5   BANK6   BANK7   BANK8   BANK9  BANK10  BANK11  BANK12
      Params:         0       0       0       0       0       0       0       0       0       0       0       0       0       0
      Locals:         0       0       0       0       0       0       0       0       0       0       0       0       0       0
      Temps:          0       0       0       0       0       0       0       0       0       0       0       0       0       0
      Totals:         0       0       0       0       0       0       0       0       0       0       0       0       0       0
Total ram usage:        0 bytes
 Hardware stack levels used:    1
 This function calls:
		Nothing
 This function is called by:
		_ADC_Initialize
		_ADC_ISR
 This function uses a non-reentrant model



MODULE INFORMATION

Module		Function		Class		Link	Load	Size
UART.c
		_Java          		CODE           	06E6	0000	267

UART.c estimated size: 267

C:\Program Files\Microchip\xc8\v2.31\pic\sources\c99\common\nanf.c
		_nanf          		CODE           	1C7E	0000	17

C:\Program Files\Microchip\xc8\v2.31\pic\sources\c99\common\nanf.c estimated size: 17

C:\Program Files\Microchip\xc8\v2.31\pic\sources\c99\common\isdigit.c
		_isdigit       		CODE           	1CDA	0000	24

C:\Program Files\Microchip\xc8\v2.31\pic\sources\c99\common\isdigit.c estimated size: 24

C:\Program Files\Microchip\xc8\v2.31\pic\sources\c99\common\sprcadd.c
		___fladd       		CODE           	0B71	0000	568

C:\Program Files\Microchip\xc8\v2.31\pic\sources\c99\common\sprcadd.c estimated size: 568

C:\Program Files\Microchip\xc8\v2.31\pic\sources\c99\common\flneg.c
		___flneg       		CODE           	1C40	0000	11

C:\Program Files\Microchip\xc8\v2.31\pic\sources\c99\common\flneg.c estimated size: 11

C:\Program Files\Microchip\xc8\v2.31\pic\sources\c99\common\Umul32.c
		___lmul        		CODE           	1F4A	0000	54

C:\Program Files\Microchip\xc8\v2.31\pic\sources\c99\common\Umul32.c estimated size: 54

C:\Program Files\Microchip\xc8\v2.31\pic\sources\c99\common\nf_fputs.c
		_fputs         		CODE           	1E64	0000	41

C:\Program Files\Microchip\xc8\v2.31\pic\sources\c99\common\nf_fputs.c estimated size: 41

mcc_generated_files/tmr2.c
		_TMR2_Initialize		CODE           	1BFF	0000	8
		_TMR2_StartTimer		CODE           	1BAA	0000	3

mcc_generated_files/tmr2.c estimated size: 11

mcc_generated_files/interrupt_manager.c
		_INTERRUPT_InterruptManager		CODE           	0004	0000	56

mcc_generated_files/interrupt_manager.c estimated size: 56

C:\Program Files\Microchip\xc8\v2.31\pic\sources\c99\common\xxtofl.c
		___xxtofl      		CODE           	126F	0000	173

C:\Program Files\Microchip\xc8\v2.31\pic\sources\c99\common\xxtofl.c estimated size: 173

C:\Program Files\Microchip\xc8\v2.31\pic\sources\c99\common\printf.c
		_printf        		CODE           	1CA0	0000	18

C:\Program Files\Microchip\xc8\v2.31\pic\sources\c99\common\printf.c estimated size: 18

C:\Program Files\Microchip\xc8\v2.31\pic\sources\c99\common\aomod.c
		___aomod       		CODE           	14A5	0000	234

C:\Program Files\Microchip\xc8\v2.31\pic\sources\c99\common\aomod.c estimated size: 234

mcc_generated_files/tmr0.c
		_TMR0_HasOverflowOccured		CODE           	1BB8	0000	5
		_TMR0_Initialize		CODE           	1C2C	0000	10

mcc_generated_files/tmr0.c estimated size: 15

C:\Program Files\Microchip\xc8\v2.31\pic\sources\c99\common\atoi.c
		_atoi          		CODE           	131C	0000	174

C:\Program Files\Microchip\xc8\v2.31\pic\sources\c99\common\atoi.c estimated size: 174

C:\Program Files\Microchip\xc8\v2.31\pic\sources\c99\common\fleq.c
		___fleq        		CODE           	102A	0000	79

C:\Program Files\Microchip\xc8\v2.31\pic\sources\c99\common\fleq.c estimated size: 79

C:\Program Files\Microchip\xc8\v2.31\pic\sources\c99\common\abs.c
		_abs           		CODE           	1D0A	0000	26

C:\Program Files\Microchip\xc8\v2.31\pic\sources\c99\common\abs.c estimated size: 26

C:\Program Files\Microchip\xc8\v2.31\pic\sources\c99\common\strlen.c
		_strlen        		CODE           	1D24	0000	26

C:\Program Files\Microchip\xc8\v2.31\pic\sources\c99\common\strlen.c estimated size: 26

mcc_generated_files/pin_manager.c
		_PIN_MANAGER_Initialize		CODE           	1F19	0000	49

mcc_generated_files/pin_manager.c estimated size: 49

mcc_generated_files/adc.c
		_ADC_DefaultInterruptHandler		CODE           	0002	0000	1
		_ADC_GetResult 		CODE           	1BAD	0000	3
		_ADC_Initialize		CODE           	1CB2	0000	18
		_ADC_Start     		CODE           	1C70	0000	14
		_ADC_SetInterruptHandler		CODE           	1BCF	0000	6
		_ADC_GetConversion		CODE           	1D59	0000	27
		_ADC_StartConversion		CODE           	1BA7	0000	3
		_ADC_ISR       		CODE           	07F1	0000	15
		_ADC_SelectChannel		CODE           	1C63	0000	13

mcc_generated_files/adc.c estimated size: 100

C:\Program Files\Microchip\xc8\v2.31\pic\sources\c99\common\Umul8_16.c
		__Umul8_16     		CODE           	1DF2	0000	35

C:\Program Files\Microchip\xc8\v2.31\pic\sources\c99\common\Umul8_16.c estimated size: 35

C:\Program Files\Microchip\xc8\v2.31\pic\sources\c99\common\aodiv.c
		___aodiv       		CODE           	158F	0000	257

C:\Program Files\Microchip\xc8\v2.31\pic\sources\c99\common\aodiv.c estimated size: 257

PI.c
		_PI_SetSetpoint		CODE           	1BC3	0000	6
		_PI            		CODE           	11D2	0000	157
		_PI_SetKi      		CODE           	1C18	0000	10
		_PI_SetKp      		CODE           	1C22	0000	10
		_PI_GetSensorHeight		CODE           	1BBD	0000	6

PI.c estimated size: 189

C:\Program Files\Microchip\xc8\v2.31\pic\sources\c99\common\strtof.c
		_atof          		CODE           	1C8F	0000	17
		_strtof        		CODE           	083D	0000	2054

C:\Program Files\Microchip\xc8\v2.31\pic\sources\c99\common\strtof.c estimated size: 2071

C:\Program Files\Microchip\xc8\v2.31\pic\sources\c99\common\nf_fputc.c
		_fputc         		CODE           	1F80	0000	63

C:\Program Files\Microchip\xc8\v2.31\pic\sources\c99\common\nf_fputc.c estimated size: 63

shared
		__initialization		CODE           	003E	0000	30

shared estimated size: 30

mcc_generated_files/pwm5.c
		_PWM5_LoadDutyValue		CODE           	1CC4	0000	22
		_PWM5_Initialize		CODE           	1C57	0000	12

mcc_generated_files/pwm5.c estimated size: 34

mcc_generated_files/mcc.c
		_WDT_Initialize		CODE           	0800	0000	4
		_PMD_Initialize		CODE           	1C07	0000	8
		_OSCILLATOR_Initialize		CODE           	1C4B	0000	12
		_SYSTEM_Initialize		CODE           	1D74	0000	28

mcc_generated_files/mcc.c estimated size: 52

C:\Program Files\Microchip\xc8\v2.31\pic\sources\c99\common\islower.c
		_islower       		CODE           	1CF2	0000	24

C:\Program Files\Microchip\xc8\v2.31\pic\sources\c99\common\islower.c estimated size: 24

C:\Program Files\Microchip\xc8\v2.31\pic\sources\c99\common\sprcmul.c
		___flmul       		CODE           	0DA9	0000	599

C:\Program Files\Microchip\xc8\v2.31\pic\sources\c99\common\sprcmul.c estimated size: 599

C:\Program Files\Microchip\xc8\v2.31\pic\sources\c99\common\doprnt.c
		_vfpfcnvrt     		CODE           	13CA	0000	219
		_pad           		CODE           	1079	0000	89
		_dtoa          		CODE           	1690	0000	368
		_vfprintf      		CODE           	1EE8	0000	49

C:\Program Files\Microchip\xc8\v2.31\pic\sources\c99\common\doprnt.c estimated size: 725

C:\Program Files\Microchip\xc8\v2.31\pic\sources\c99\common\sprcdiv.c
		___fldiv       		CODE           	09BD	0000	436

C:\Program Files\Microchip\xc8\v2.31\pic\sources\c99\common\sprcdiv.c estimated size: 436

C:\Program Files\Microchip\xc8\v2.31\pic\sources\c99\common\fltol.c
		___fltol       		CODE           	10D2	0000	117

C:\Program Files\Microchip\xc8\v2.31\pic\sources\c99\common\fltol.c estimated size: 117

C:\Program Files\Microchip\xc8\v2.31\pic\sources\c99\common\toupper.c
		_toupper       		CODE           	1E15	0000	38

C:\Program Files\Microchip\xc8\v2.31\pic\sources\c99\common\toupper.c estimated size: 38

C:\Program Files\Microchip\xc8\v2.31\pic\sources\c99\common\isxdigit.c
		_isxdigit      		CODE           	1EB9	0000	47

C:\Program Files\Microchip\xc8\v2.31\pic\sources\c99\common\isxdigit.c estimated size: 47

C:\Program Files\Microchip\xc8\v2.31\pic\sources\c99\common\flge.c
		___flge        		CODE           	1147	0000	139

C:\Program Files\Microchip\xc8\v2.31\pic\sources\c99\common\flge.c estimated size: 139

C:\Program Files\Microchip\xc8\v2.31\pic\sources\c99\common\isspace.c
		_isspace       		CODE           	1DAF	0000	33

C:\Program Files\Microchip\xc8\v2.31\pic\sources\c99\common\isspace.c estimated size: 33

C:\Program Files\Microchip\xc8\v2.31\pic\sources\c99\common\Umul16.c
		___wmul        		CODE           	1D90	0000	31

C:\Program Files\Microchip\xc8\v2.31\pic\sources\c99\common\Umul16.c estimated size: 31

mcc_generated_files/eusart.c
		_EUSART_SetRxInterruptHandler		CODE           	1BE7	0000	6
		_EUSART_SetTxInterruptHandler		CODE           	1BED	0000	6
		_putch         		CODE           	1BC9	0000	6
		_EUSART_Read   		CODE           	1E8D	0000	44
		_EUSART_DefaultOverrunErrorHandler		CODE           	1BB4	0000	4
		_EUSART_Write  		CODE           	1E3B	0000	41
		_EUSART_DefaultErrorHandler		CODE           	1BB0	0000	4
		_EUSART_Transmit_ISR		CODE           	1DD0	0000	34
		_EUSART_Initialize		CODE           	1FBF	0000	65
		_EUSART_SetFramingErrorHandler		CODE           	1BDB	0000	6
		_EUSART_SetErrorHandler		CODE           	1BD5	0000	6
		_EUSART_SetOverrunErrorHandler		CODE           	1BE1	0000	6
		_EUSART_Receive_ISR		CODE           	0804	0000	57
		_EUSART_RxDataHandler		CODE           	1D3E	0000	27
		_EUSART_DefaultFramingErrorHandler		CODE           	0003	0000	1
		_EUSART_is_rx_ready		CODE           	1C0F	0000	9

mcc_generated_files/eusart.c estimated size: 322

main.c
		_main          		CODE           	1001	0000	41

main.c estimated size: 41

